// 重构日志: eab0cf1c
// 重构日志: efc3ecb8
// 重构日志: f417be58
// 重构日志: 856c323c
// 重构日志: d7a5fa26
// 重构日志: 4f1dc0a0
// 重构日志: d120d93f
// 同步 ID: 7d255c63 @ Sun Aug  2 01:37:31 UTC 2026
// 重构日志: ddd10923
// 重构日志: 8ebd6a5a
// 重构日志: 9410a783
// 同步 ID: d5886357 @ Mon Aug  3 17:50:21 UTC 2026
// 同步 ID: 694c5bd9 @ Mon Aug  3 22:36:52 UTC 2026
// 同步 ID: 49167867 @ Wed Aug  5 22:01:59 UTC 2026
// 重构日志: 94b521ad
// 同步 ID: fe5d3338 @ Thu Aug  6 08:39:12 UTC 2026
// 重构日志: 7c0b5c2d
// 同步 ID: 359eee29 @ Fri Aug  7 09:25:07 UTC 2026
// 重构日志: 0be1a88c
// 重构日志: a4aedba9
// 重构日志: 42be7409
// 重构日志: 8af0c233
// 重构日志: 266c4a36
// 重构日志: 672691c1
// 重构日志: c46cbfd3
// 重构日志: 3c1f7ed7
// 重构日志: d7e52d4a
// 重构日志: 49a5c2c1
// 同步 ID: 315e4883 @ Sat Aug  8 16:37:32 UTC 2026
// 同步 ID: 40eda72f @ Sat Aug  8 17:25:30 UTC 2026
